../Drivers/CMSIS/Include/core_cm4.h:1684:22:__NVIC_EnableIRQ	16	static,ignoring_inline_asm
../Drivers/CMSIS/Include/core_cm4.h:1814:22:__NVIC_SetPriority	16	static
../Core/Src/dshot.c:41:17:get_all_motors_gpio_mask	16	static
../Core/Src/dshot.c:49:6:preset_bb_Dshot_buffers	24	static
../Core/Src/dshot.c:69:13:fill_bb_Dshot_buffers	40	static
../Core/Src/dshot.c:92:10:prepare_Dshot_package	24	static
../Core/Src/dshot.c:99:6:update_motors_Tx_Only	24	static,ignoring_inline_asm
../Core/Src/dshot.c:191:6:setup_Dshot_Tx_Only	16	static
../Core/Src/dshot.c:229:21:arm_bdshot_rx_capture	32	static,ignoring_inline_asm
../Core/Src/dshot.c:310:7:DMA2_Stream5_IRQHandler	8	static,ignoring_inline_asm
../Core/Src/dshot.c:371:11:get_BDshot_response	40	static
../Core/Src/dshot.c:426:8:BDshot_check_checksum	24	static
../Core/Src/dshot.c:435:7:read_BDshot_response	40	static
../Core/Src/dshot.c:484:6:process_telemetry_with_new_method	16	static
../Core/Src/dshot.c:494:10:get_rpm_from_telemetry	24	static
../Core/Src/dshot.c:630:10:pid_calculate_command	56	static
